  --- Logical volume ---
  LV Path                /dev/VolGroup00/LogVol01
  LV Name                LogVol01
  VG Name                VolGroup00
  LV UUID                Q1k5K7-gaDi-vcZv-owrM-shMa-fX1g-HgMYd8
  LV Write Access        read/write
  LV Creation host, time localhost, 2015-09-09 08:38:48 -0700
  LV Status              available
  # open                 2
  LV Size                512.00 MiB
  Current LE             128
  Segments               1
  Allocation             inherit
  Read ahead sectors     auto
  - currently set to     8192
  Block device           253:0
   
  --- Logical volume ---
  LV Path                /dev/VolGroup00/LogVol00
  LV Name                LogVol00
  VG Name                VolGroup00
  LV UUID                wLFXwG-bDy3-WeuF-lTOA-Xj6m-89Es-acnSdb
  LV Write Access        read/write
  LV Creation host, time localhost, 2015-09-09 08:38:48 -0700
  LV Status              available
  # open                 1
  LV Size                7.26 GiB
  Current LE             1859
  Segments               1
  Allocation             inherit
  Read ahead sectors     auto
  - currently set to     8192
  Block device           253:1
   
  --- Logical volume ---
  LV Path                /dev/vgcrypt/lvcrypt
  LV Name                lvcrypt
  VG Name                vgcrypt
  LV UUID                AEDQNo-8D7B-FbMx-kptF-ceBW-A5U2-KZHIMx
  LV Write Access        read/write
  LV Creation host, time 955308305.acs.edcc.edu, 2016-03-17 23:28:39 -0700
  LV Status              available
  # open                 1
  LV Size                508.00 MiB
  Current LE             127
  Segments               1
  Allocation             inherit
  Read ahead sectors     auto
  - currently set to     8192
  Block device           253:3
   
  --- Logical volume ---
  LV Path                /dev/vghttpd/lvhttpd
  LV Name                lvhttpd
  VG Name                vghttpd
  LV UUID                HEM3mF-HaO9-UCjT-l3KC-dX9j-pQmf-fYA0nX
  LV Write Access        read/write
  LV Creation host, time 955308305.acs.edcc.edu, 2016-03-17 14:21:52 -0700
  LV Status              available
  # open                 1
  LV Size                1016.00 MiB
  Current LE             254
  Segments               2
  Allocation             inherit
  Read ahead sectors     auto
  - currently set to     8192
  Block device           253:2
   
